model output was not valid JSON after 2 parse attempt(s): Expecting ',' delimiter: line 11 column 98 (char 296)
--- Raw Output ---
```json
{
  "questions": [
    {
      "chapter": "9",
      "page_number": 32,
      "question_number": 2,
      "question_type": "short_answer",
      "question_data": {
        "questions": [
          {
            "text": "Who said each of these statements and which landform does it describe? (a) “Jee aayan nu puttar!”"
          }
        ]
      }
    }
  ]
}
```
------------------------